[biesessence.bumpa.shop/index.html]
[backblue.gif]
[fade.gif]
[index.html]
[salescabal.s3.eu-west-3.amazonaws.com/icon.png]
[biesessence.bumpa.shop/favicon.png]
[biesessence.bumpa.shop/_next/static/css/5db0b027d877be72.css]
[biesessence.bumpa.shop/_next/static/chunks/polyfills-78c92fac7aa8fdd8.js]
[biesessence.bumpa.shop/_next/static/chunks/webpack-ace7185fa66d0132.js]
[biesessence.bumpa.shop/_next/static/chunks/framework-0e8d27528ba61906.js]
[biesessence.bumpa.shop/_next/static/chunks/main-1f6d8d54470f696f.js]
[biesessence.bumpa.shop/_next/static/chunks/pages/index-140960b4a8e47419.js]
[biesessence.bumpa.shop/index.html]
[biesessence.bumpa.shop/_next/static/z8IeL7Ee3btD1CcO7JmmP/_ssgManifest.js]
[biesessence.bumpa.shop/_next/static/media/ajax-loader.0b80f665.gif]
[biesessence.bumpa.shop/_next/static/media/slick.25572f22.eot]
[biesessence.bumpa.shop/_next/static/media/slick.25572f22d41d.eot]
[biesessence.bumpa.shop/_next/static/media/slick.653a4cbb.woff]
[biesessence.bumpa.shop/_next/static/media/slick.6aa1ee46.ttf]
[biesessence.bumpa.shop/_next/static/media/slick.f895cfdf.svg]
[biesessence.bumpa.shop/_next/static/media/GraphikRegular.cb69af15.otf]
[biesessence.bumpa.shop/_next/static/media/GraphikMedium.91857239.otf]
[biesessence.bumpa.shop/_next/static/media/GraphikSemibold.2e4d3259.otf]
[biesessence.bumpa.shop/_next/static/media/GraphikBold.1aca7237.otf]
[biesessence.bumpa.shop/images/dropdown.svg]
[biesessence.bumpa.shop/_next/static/css/5db0b027d877be72.css]
[biesessence.bumpa.shop/_next/static/chunks/pages/_app-683eb471bd8b880e.js]
[biesessence.bumpa.shop/_next/static/media/slick.f895cfdf.svg]
[biesessence.bumpa.shop/images/dropdown.html]
[biesessence.bumpa.shop/_next/static/z8IeL7Ee3btD1CcO7JmmP/_buildManifest.js]
